[2026-03-02T07:55:44Z] START 1.1_milliquas_vizier
----- 1.1_milliquas_vizier -----
fetch_vizier_tsv 'VII/290/catalog' 'Name,RAJ2000,DEJ2000,z,Type,Rmag' '200000' 'data/raw/milliquas_vizier.tsv' && wc -l data/raw/milliquas_vizier.tsv && ls -lh data/raw/milliquas_vizier.tsv
Wrote data/raw/milliquas_vizier.tsv (13598095 bytes)
  200039 data/raw/milliquas_vizier.tsv
-rw-r--r--@ 1 ayanshsingh  staff    13M Mar  1 23:56 data/raw/milliquas_vizier.tsv
exit_code=0

[2026-03-02T07:56:10Z] OK    1.1_milliquas_vizier
[2026-03-02T07:56:10Z] START 1.2_bzcat5
----- 1.2_bzcat5 -----
fetch_vizier_tsv 'VII/274/bzcat5' 'Name,RAJ2000,DEJ2000,z,Type' '10000' 'data/raw/bzcat5.tsv' && wc -l data/raw/bzcat5.tsv && ls -lh data/raw/bzcat5.tsv
Wrote data/raw/bzcat5.tsv (172827 bytes)
    3598 data/raw/bzcat5.tsv
-rw-r--r--@ 1 ayanshsingh  staff   169K Mar  1 23:56 data/raw/bzcat5.tsv
exit_code=0

[2026-03-02T07:56:12Z] OK    1.2_bzcat5
[2026-03-02T07:56:12Z] START 1.3_4fgl_dr4
----- 1.3_4fgl_dr4 -----
wget -O data/raw/4fgl_dr4.fit https://fermi.gsfc.nasa.gov/ssc/data/access/lat/14yr_catalog/gll_psc_v35.fit && python3 -c "from astropy.io import fits; h=fits.open('data/raw/4fgl_dr4.fit'); print('4FGL rows:', len(h[1].data)); h.close()" && ls -lh data/raw/4fgl_dr4.fit
--2026-03-01 23:56:12--  https://fermi.gsfc.nasa.gov/ssc/data/access/lat/14yr_catalog/gll_psc_v35.fit
Resolving fermi.gsfc.nasa.gov (fermi.gsfc.nasa.gov)... 2001:4d0:2310:150::26, 129.164.179.26
Connecting to fermi.gsfc.nasa.gov (fermi.gsfc.nasa.gov)|2001:4d0:2310:150::26|:443... connected.
HTTP request sent, awaiting response... 200 OK
Length: 7819200 (7.5M) [application/fits]
Saving to: ‘data/raw/4fgl_dr4.fit’

     0K .......... .......... .......... .......... ..........  0% 33.4M 0s
    50K .......... .......... .......... .......... ..........  1%  614K 6s
   100K .......... .......... .......... .......... ..........  1% 30.1M 4s
   150K .......... .......... .......... .......... ..........  2%  597K 6s
   200K .......... .......... .......... .......... ..........  3%  591K 7s
   250K .......... .......... .......... .......... ..........  3% 58.3M 6s
   300K .......... .......... .......... .......... ..........  4%  582K 7s
   350K .......... .......... .......... .......... ..........  5% 25.5M 6s
   400K .......... .......... .......... .......... ..........  5%  577K 7s
   450K .......... .......... .......... .......... ..........  6% 55.9M 6s
   500K .......... .......... .......... .......... ..........  7%  597K 7s
   550K .......... .......... .......... .......... ..........  7% 29.0M 6s
   600K .......... .......... .......... .......... ..........  8%  582K 6s
   650K .......... .......... .......... .......... ..........  9% 50.4M 6s
   700K .......... .......... .......... .......... ..........  9%  572K 6s
   750K .......... .......... .......... .......... .......... 10% 13.2M 6s
   800K .......... .......... .......... .......... .......... 11%  628K 6s
   850K .......... .......... .......... .......... .......... 11% 48.4M 6s
   900K .......... .......... .......... .......... .......... 12% 39.3M 5s
   950K .......... .......... .......... .......... .......... 13%  576K 6s
  1000K .......... .......... .......... .......... .......... 13% 22.1M 5s
  1050K .......... .......... .......... .......... .......... 14%  598K 6s
  1100K .......... .......... .......... .......... .......... 15% 47.0M 5s
  1150K .......... .......... .......... .......... .......... 15%  600K 6s
  1200K .......... .......... .......... .......... .......... 16% 19.0M 5s
  1250K .......... .......... .......... .......... .......... 17% 54.1M 5s
  1300K .......... .......... .......... .......... .......... 17%  575K 5s
  1350K .......... .......... .......... .......... .......... 18% 55.2M 5s
  1400K .......... .......... .......... .......... .......... 18%  600K 5s
  1450K .......... .......... .......... .......... .......... 19% 27.6M 5s
  1500K .......... .......... .......... .......... .......... 20% 39.7M 5s
  1550K .......... .......... .......... .......... .......... 20%  515K 5s
  1600K .......... .......... .......... .......... .......... 21% 55.2M 5s
  1650K .......... .......... .......... .......... .......... 22%  604K 5s
  1700K .......... .......... .......... .......... .......... 22% 30.3M 5s
  1750K .......... .......... .......... .......... .......... 23%  564K 5s
  1800K .......... .......... .......... .......... .......... 24% 62.7M 5s
  1850K .......... .......... .......... .......... .......... 24% 73.2M 4s
  1900K .......... .......... .......... .......... .......... 25%  580K 5s
  1950K .......... .......... .......... .......... .......... 26% 42.9M 4s
  2000K .......... .......... .......... .......... .......... 26% 35.7M 4s
  2050K .......... .......... .......... .......... .......... 27%  586K 4s
  2100K .......... .......... .......... .......... .......... 28% 31.6M 4s
  2150K .......... .......... .......... .......... .......... 28%  610K 4s
  2200K .......... .......... .......... .......... .......... 29% 52.4M 4s
  2250K .......... .......... .......... .......... .......... 30% 25.7M 4s
  2300K .......... .......... .......... .......... .......... 30%  616K 4s
  2350K .......... .......... .......... .......... .......... 31% 45.8M 4s
  2400K .......... .......... .......... .......... .......... 32%  581K 4s
  2450K .......... .......... .......... .......... .......... 32%  125M 4s
  2500K .......... .......... .......... .......... .......... 33% 34.1M 4s
  2550K .......... .......... .......... .......... .......... 34%  630K 4s
  2600K .......... .......... .......... .......... .......... 34% 60.5M 4s
  2650K .......... .......... .......... .......... .......... 35%  599K 4s
  2700K .......... .......... .......... .......... .......... 36% 40.8M 4s
  2750K .......... .......... .......... .......... .......... 36% 58.6M 4s
  2800K .......... .......... .......... .......... .......... 37%  579K 4s
  2850K .......... .......... .......... .......... .......... 37% 34.3M 4s
  2900K .......... .......... .......... .......... .......... 38% 29.8M 3s
  2950K .......... .......... .......... .......... .......... 39%  604K 3s
  3000K .......... .......... .......... .......... .......... 39% 64.2M 3s
  3050K .......... .......... .......... .......... .......... 40%  569K 3s
  3100K .......... .......... .......... .......... .......... 41% 60.4M 3s
  3150K .......... .......... .......... .......... .......... 41% 54.3M 3s
  3200K .......... .......... .......... .......... .......... 42%  580K 3s
  3250K .......... .......... .......... .......... .......... 43% 58.9M 3s
  3300K .......... .......... .......... .......... .......... 43%  581K 3s
  3350K .......... .......... .......... .......... .......... 44% 70.9M 3s
  3400K .......... .......... .......... .......... .......... 45% 52.3M 3s
  3450K .......... .......... .......... .......... .......... 45%  599K 3s
  3500K .......... .......... .......... .......... .......... 46% 18.2M 3s
  3550K .......... .......... .......... .......... .......... 47%  610K 3s
  3600K .......... .......... .......... .......... .......... 47% 55.0M 3s
  3650K .......... .......... .......... .......... .......... 48% 62.9M 3s
  3700K .......... .......... .......... .......... .......... 49%  570K 3s
  3750K .......... .......... .......... .......... .......... 49% 81.0M 3s
  3800K .......... .......... .......... .......... .......... 50%  582K 3s
  3850K .......... .......... .......... .......... .......... 51% 74.1M 3s
  3900K .......... .......... .......... .......... .......... 51%  112M 3s
  3950K .......... .......... .......... .......... .......... 52%  574K 3s
  4000K .......... .......... .......... .......... .......... 53%  131M 3s
  4050K .......... .......... .......... .......... .......... 53% 52.0M 3s
  4100K .......... .......... .......... .......... .......... 54%  606K 3s
  4150K .......... .......... .......... .......... .......... 55% 26.6M 2s
  4200K .......... .......... .......... .......... .......... 55%  568K 2s
  4250K .......... .......... .......... .......... .......... 56%  105M 2s
  4300K .......... .......... .......... .......... .......... 56%  577K 2s
  4350K .......... .......... .......... .......... .......... 57% 70.2M 2s
  4400K .......... .......... .......... .......... .......... 58%  112M 2s
  4450K .......... .......... .......... .......... .......... 58%  338K 2s
  4500K .......... .......... .......... .......... .......... 59%  125M 2s
  4550K .......... .......... .......... .......... .......... 60%  155M 2s
  4600K .......... .......... .......... .......... .......... 60% 2.10M 2s
  4650K .......... .......... .......... .......... .......... 61%  111M 2s
  4700K .......... .......... .......... .......... .......... 62%  583K 2s
  4750K .......... .......... .......... .......... .......... 62%  100M 2s
  4800K .......... .......... .......... .......... .......... 63% 41.9M 2s
  4850K .......... .......... .......... .......... .......... 64%  579K 2s
  4900K .......... .......... .......... .......... .......... 64% 30.4M 2s
  4950K .......... .......... .......... .......... .......... 65%  598K 2s
  5000K .......... .......... .......... .......... .......... 66% 30.5M 2s
  5050K .......... .......... .......... .......... .......... 66% 19.8M 2s
  5100K .......... .......... .......... .......... .......... 67%  626K 2s
  5150K .......... .......... .......... .......... .......... 68% 72.9M 2s
  5200K .......... .......... .......... .......... .......... 68%  598K 2s
  5250K .......... .......... .......... .......... .......... 69% 16.2M 2s
  5300K .......... .......... .......... .......... .......... 70% 35.5M 2s
  5350K .......... .......... .......... .......... .......... 70%  598K 2s
  5400K .......... .......... .......... .......... .......... 71% 57.2M 2s
  5450K .......... .......... .......... .......... .......... 72%  616K 2s
  5500K .......... .......... .......... .......... .......... 72% 17.5M 1s
  5550K .......... .......... .......... .......... .......... 73% 28.2M 1s
  5600K .......... .......... .......... .......... .......... 73%  560K 1s
  5650K .......... .......... .......... .......... .......... 74% 6.62M 1s
  5700K .......... .......... .......... .......... .......... 75%  634K 1s
  5750K .......... .......... .......... .......... .......... 75% 5.52M 1s
  5800K .......... .......... .......... .......... .......... 76% 23.6M 1s
  5850K .......... .......... .......... .......... .......... 77%  672K 1s
  5900K .......... .......... .......... .......... .......... 77% 39.4M 1s
  5950K .......... .......... .......... .......... .......... 78% 52.2M 1s
  6000K .......... .......... .......... .......... .......... 79%  601K 1s
  6050K .......... .......... .......... .......... .......... 79% 58.8M 1s
  6100K .......... .......... .......... .......... .......... 80%  661K 1s
  6150K .......... .......... .......... .......... .......... 81% 5.54M 1s
  6200K .......... .......... .......... .......... .......... 81% 78.4M 1s
  6250K .......... .......... .......... .......... .......... 82%  697K 1s
  6300K .......... .......... .......... .......... .......... 83% 4.56M 1s
  6350K .......... .......... .......... .......... .......... 83%  687K 1s
  6400K .......... .......... .......... .......... .......... 84% 4.75M 1s
  6450K .......... .......... .......... .......... .......... 85% 24.5M 1s
  6500K .......... .......... .......... .......... .......... 85%  683K 1s
  6550K .......... .......... .......... .......... .......... 86% 5.46M 1s
  6600K .......... .......... .......... .......... .......... 87%  655K 1s
  6650K .......... .......... .......... .......... .......... 87% 6.24M 1s
  6700K .......... .......... .......... .......... .......... 88% 24.2M 1s
  6750K .......... .......... .......... .......... .......... 89%  673K 1s
  6800K .......... .......... .......... .......... .......... 89% 4.95M 1s
  6850K .......... .......... .......... .......... .......... 90% 61.7M 1s
  6900K .......... .......... .......... .......... .......... 91%  593K 0s
  6950K .......... .......... .......... .......... .......... 91%  105M 0s
  7000K .......... .......... .......... .......... .......... 92%  631K 0s
  7050K .......... .......... .......... .......... .......... 92% 23.9M 0s
  7100K .......... .......... .......... .......... .......... 93%  634K 0s
  7150K .......... .......... .......... .......... .......... 94% 27.5M 0s
  7200K .......... .......... .......... .......... .......... 94% 80.4M 0s
  7250K .......... .......... .......... .......... .......... 95%  587K 0s
  7300K .......... .......... .......... .......... .......... 96% 71.3M 0s
  7350K .......... .......... .......... .......... .......... 96% 64.6M 0s
  7400K .......... .......... .......... .......... .......... 97%  580K 0s
  7450K .......... .......... .......... .......... .......... 98% 56.6M 0s
  7500K .......... .......... .......... .......... .......... 98%  616K 0s
  7550K .......... .......... .......... .......... .......... 99% 29.3M 0s
  7600K .......... .......... .......... .....                100% 64.5M=5.3s

2026-03-01 23:56:18 (1.40 MB/s) - ‘data/raw/4fgl_dr4.fit’ saved [7819200/7819200]

4FGL rows: 7195
-rw-r--r--@ 1 ayanshsingh  staff   7.5M Jul 24  2024 data/raw/4fgl_dr4.fit
exit_code=0

[2026-03-02T07:56:18Z] OK    1.3_4fgl_dr4
[2026-03-02T07:56:18Z] START 1.4_macleod2019
----- 1.4_macleod2019 -----
fetch_vizier_tsv 'J/ApJ/874/8/table1' '*' '5000' 'data/raw/macleod2019.tsv' && wc -l data/raw/macleod2019.tsv && ls -lh data/raw/macleod2019.tsv
Wrote data/raw/macleod2019.tsv (731 bytes)
      14 data/raw/macleod2019.tsv
-rw-r--r--@ 1 ayanshsingh  staff   731B Mar  1 23:56 data/raw/macleod2019.tsv
exit_code=0

[2026-03-02T07:56:20Z] OK    1.4_macleod2019
[2026-03-02T07:56:20Z] START 1.5_sheng2020
----- 1.5_sheng2020 -----
fetch_vizier_tsv 'J/ApJ/889/46/table1' '*' '5000' 'data/raw/sheng2020.tsv' && wc -l data/raw/sheng2020.tsv && ls -lh data/raw/sheng2020.tsv
Wrote data/raw/sheng2020.tsv (726 bytes)
      14 data/raw/sheng2020.tsv
-rw-r--r--@ 1 ayanshsingh  staff   726B Mar  1 23:56 data/raw/sheng2020.tsv
exit_code=0

[2026-03-02T07:56:21Z] OK    1.5_sheng2020
[2026-03-02T07:56:21Z] START 1.6_hon2022
----- 1.6_hon2022 -----
fetch_vizier_tsv 'J/MNRAS/511/54/table1' '*' '5000' 'data/raw/hon2022.tsv' && wc -l data/raw/hon2022.tsv && ls -lh data/raw/hon2022.tsv
Wrote data/raw/hon2022.tsv (730 bytes)
      14 data/raw/hon2022.tsv
-rw-r--r--@ 1 ayanshsingh  staff   730B Mar  1 23:56 data/raw/hon2022.tsv
exit_code=0

[2026-03-02T07:56:23Z] OK    1.6_hon2022
[2026-03-02T07:56:23Z] START 1.7_osc_IIn
----- 1.7_osc_IIn -----
fetch_osc_type 'IIn' '5000' 'data/raw/osc_IIn.json'
Wrote data/raw/osc_IIn.json via https://api.astrocats.space/catalog
exit_code=0

[2026-03-02T07:56:24Z] OK    1.7_osc_IIn
[2026-03-02T07:56:24Z] START 1.7_osc_IIP
----- 1.7_osc_IIP -----
fetch_osc_type 'IIP' '5000' 'data/raw/osc_IIP.json'
Wrote data/raw/osc_IIP.json via https://api.astrocats.space/catalog
exit_code=0

[2026-03-02T07:56:26Z] OK    1.7_osc_IIP
[2026-03-02T07:56:26Z] START 1.7_osc_Ia
----- 1.7_osc_Ia -----
fetch_osc_type 'Ia' '5000' 'data/raw/osc_Ia.json'
Wrote data/raw/osc_Ia.json via https://api.astrocats.space/catalog
exit_code=0

[2026-03-02T07:56:28Z] OK    1.7_osc_Ia
[2026-03-02T07:56:28Z] START 1.7_osc_Ib
----- 1.7_osc_Ib -----
fetch_osc_type 'Ib' '5000' 'data/raw/osc_Ib.json'
Wrote data/raw/osc_Ib.json via https://api.astrocats.space/catalog
exit_code=0

[2026-03-02T07:56:29Z] OK    1.7_osc_Ib
[2026-03-02T07:56:29Z] START 1.7_osc_Ic
----- 1.7_osc_Ic -----
fetch_osc_type 'Ic' '5000' 'data/raw/osc_Ic.json'
Wrote data/raw/osc_Ic.json via https://api.astrocats.space/catalog
exit_code=0

[2026-03-02T07:56:31Z] OK    1.7_osc_Ic
[2026-03-02T07:56:31Z] START 1.7_osc_IIb
----- 1.7_osc_IIb -----
fetch_osc_type 'IIb' '5000' 'data/raw/osc_IIb.json'
Wrote data/raw/osc_IIb.json via https://api.astrocats.space/catalog
exit_code=0

[2026-03-02T07:56:32Z] OK    1.7_osc_IIb
[2026-03-02T07:56:32Z] START 1.7_osc_SLSN
----- 1.7_osc_SLSN -----
fetch_osc_type 'SLSN-I' '5000' 'data/raw/osc_SLSN.json'
Wrote data/raw/osc_SLSN.json via https://api.astrocats.space/catalog
exit_code=0

[2026-03-02T07:56:34Z] OK    1.7_osc_SLSN
[2026-03-02T07:56:34Z] START 1.7_osc_LBV
----- 1.7_osc_LBV -----
fetch_osc_type 'LBV' '1000' 'data/raw/osc_LBV.json'
Wrote data/raw/osc_LBV.json via https://api.astrocats.space/catalog
exit_code=0

[2026-03-02T07:56:35Z] OK    1.7_osc_LBV
[2026-03-02T07:56:35Z] START 1.7_osc_Ibn
----- 1.7_osc_Ibn -----
fetch_osc_type 'Ibn' '1000' 'data/raw/osc_Ibn.json'
Wrote data/raw/osc_Ibn.json via https://api.astrocats.space/catalog
exit_code=0

[2026-03-02T07:56:37Z] OK    1.7_osc_Ibn
[2026-03-02T07:56:37Z] START 1.7_osc_verify
----- 1.7_osc_verify -----
for f in data/raw/osc_*.json; do count=$(python3 -c "import json,sys; d=json.load(open(sys.argv[1])); print(len(d))" "$f" 2>/dev/null || echo 0); size=$(ls -lh "$f" 2>/dev/null | awk '{print $5}'); echo "$f: $count sources, $size"; done
data/raw/osc_IIP.json: 0 sources, 2B
data/raw/osc_IIb.json: 0 sources, 2B
data/raw/osc_IIn.json: 0 sources, 2B
data/raw/osc_Ia.json: 0 sources, 2B
data/raw/osc_Ib.json: 0 sources, 2B
data/raw/osc_Ibn.json: 0 sources, 2B
data/raw/osc_Ic.json: 0 sources, 2B
data/raw/osc_LBV.json: 0 sources, 2B
data/raw/osc_SLSN.json: 0 sources, 2B
exit_code=0

[2026-03-02T07:56:37Z] OK    1.7_osc_verify
[2026-03-02T07:56:37Z] START 1.8_dr16q_vizier
----- 1.8_dr16q_vizier -----
fetch_vizier_tsv 'VII/289/dr16q' 'SDSS,RAJ2000,DEJ2000,z' '120000' 'data/raw/dr16q_vizier.tsv' && wc -l data/raw/dr16q_vizier.tsv && ls -lh data/raw/dr16q_vizier.tsv
Wrote data/raw/dr16q_vizier.tsv (6361990 bytes)
  120037 data/raw/dr16q_vizier.tsv
-rw-r--r--@ 1 ayanshsingh  staff   6.1M Mar  1 23:56 data/raw/dr16q_vizier.tsv
exit_code=0

[2026-03-02T07:56:43Z] OK    1.8_dr16q_vizier
[2026-03-02T07:56:43Z] START 1.9_crts_agn
----- 1.9_crts_agn -----
fetch_vizier_tsv 'J/MNRAS/470/4112/table1' '*' '20000' 'data/raw/crts_agn.tsv' && wc -l data/raw/crts_agn.tsv && ls -lh data/raw/crts_agn.tsv
Wrote data/raw/crts_agn.tsv (735 bytes)
      14 data/raw/crts_agn.tsv
-rw-r--r--@ 1 ayanshsingh  staff   735B Mar  1 23:56 data/raw/crts_agn.tsv
exit_code=0

[2026-03-02T07:56:45Z] OK    1.9_crts_agn
[2026-03-02T07:56:45Z] START 1.10_ward2024
----- 1.10_ward2024 -----
fetch_vizier_tsv 'J/ApJ/962/L3/table1' '*' '5000' 'data/raw/ward2024.tsv' && wc -l data/raw/ward2024.tsv
Wrote data/raw/ward2024.tsv (726 bytes)
      14 data/raw/ward2024.tsv
exit_code=0

[2026-03-02T07:56:46Z] OK    1.10_ward2024
