/Users/ayanshsingh/AGN Light Analysis GGSF/clagn/ingestion/wise.py:242: UserWarning: Found 11 epochs in WISE hibernation window — removing.
  warnings.warn(
CLAGN_DISABLE_GAIA is set; skipping all Gaia queries for this run.
/Users/ayanshsingh/AGN Light Analysis GGSF/clagn/ingestion/wise.py:242: UserWarning: Found 7 epochs in WISE hibernation window — removing.
  warnings.warn(
/Users/ayanshsingh/AGN Light Analysis GGSF/clagn/ingestion/wise.py:242: UserWarning: Found 10 epochs in WISE hibernation window — removing.
  warnings.warn(
/Users/ayanshsingh/AGN Light Analysis GGSF/clagn/ingestion/wise.py:242: UserWarning: Found 10 epochs in WISE hibernation window — removing.
  warnings.warn(
/Users/ayanshsingh/AGN Light Analysis GGSF/clagn/ingestion/wise.py:242: UserWarning: Found 15 epochs in WISE hibernation window — removing.
  warnings.warn(
/Users/ayanshsingh/AGN Light Analysis GGSF/clagn/ingestion/wise.py:242: UserWarning: Found 11 epochs in WISE hibernation window — removing.
  warnings.warn(
/Users/ayanshsingh/AGN Light Analysis GGSF/clagn/ingestion/wise.py:242: UserWarning: Found 6 epochs in WISE hibernation window — removing.
  warnings.warn(
/Users/ayanshsingh/AGN Light Analysis GGSF/clagn/ingestion/wise.py:242: UserWarning: Found 12 epochs in WISE hibernation window — removing.
  warnings.warn(
/Users/ayanshsingh/AGN Light Analysis GGSF/clagn/ingestion/wise.py:242: UserWarning: Found 43 epochs in WISE hibernation window — removing.
  warnings.warn(
/Users/ayanshsingh/AGN Light Analysis GGSF/clagn/ingestion/wise.py:242: UserWarning: Found 23 epochs in WISE hibernation window — removing.
  warnings.warn(
/Users/ayanshsingh/AGN Light Analysis GGSF/clagn/ingestion/wise.py:242: UserWarning: Found 21 epochs in WISE hibernation window — removing.
  warnings.warn(
/Users/ayanshsingh/AGN Light Analysis GGSF/clagn/ingestion/wise.py:242: UserWarning: Found 13 epochs in WISE hibernation window — removing.
  warnings.warn(
/Users/ayanshsingh/AGN Light Analysis GGSF/clagn/ingestion/wise.py:242: UserWarning: Found 18 epochs in WISE hibernation window — removing.
  warnings.warn(
/Users/ayanshsingh/AGN Light Analysis GGSF/clagn/ingestion/wise.py:242: UserWarning: Found 17 epochs in WISE hibernation window — removing.
  warnings.warn(
/Users/ayanshsingh/AGN Light Analysis GGSF/clagn/ingestion/wise.py:242: UserWarning: Found 18 epochs in WISE hibernation window — removing.
  warnings.warn(
/Users/ayanshsingh/AGN Light Analysis GGSF/clagn/ingestion/wise.py:242: UserWarning: Found 25 epochs in WISE hibernation window — removing.
  warnings.warn(
/Users/ayanshsingh/AGN Light Analysis GGSF/clagn/ingestion/wise.py:242: UserWarning: Found 15 epochs in WISE hibernation window — removing.
  warnings.warn(
/Users/ayanshsingh/AGN Light Analysis GGSF/clagn/ingestion/wise.py:242: UserWarning: Found 13 epochs in WISE hibernation window — removing.
  warnings.warn(
/Users/ayanshsingh/AGN Light Analysis GGSF/clagn/ingestion/wise.py:242: UserWarning: Found 6 epochs in WISE hibernation window — removing.
  warnings.warn(
/Users/ayanshsingh/AGN Light Analysis GGSF/clagn/ingestion/wise.py:242: UserWarning: Found 11 epochs in WISE hibernation window — removing.
  warnings.warn(
/Users/ayanshsingh/AGN Light Analysis GGSF/clagn/ingestion/wise.py:242: UserWarning: Found 19 epochs in WISE hibernation window — removing.
  warnings.warn(
/Users/ayanshsingh/AGN Light Analysis GGSF/clagn/ingestion/wise.py:242: UserWarning: Found 24 epochs in WISE hibernation window — removing.
  warnings.warn(
/Users/ayanshsingh/AGN Light Analysis GGSF/clagn/ingestion/wise.py:242: UserWarning: Found 2 epochs in WISE hibernation window — removing.
  warnings.warn(
/Users/ayanshsingh/AGN Light Analysis GGSF/clagn/ingestion/wise.py:242: UserWarning: Found 20 epochs in WISE hibernation window — removing.
  warnings.warn(
/Users/ayanshsingh/AGN Light Analysis GGSF/clagn/ingestion/wise.py:242: UserWarning: Found 32 epochs in WISE hibernation window — removing.
  warnings.warn(
/Users/ayanshsingh/AGN Light Analysis GGSF/clagn/ingestion/wise.py:242: UserWarning: Found 59 epochs in WISE hibernation window — removing.
  warnings.warn(
/Users/ayanshsingh/AGN Light Analysis GGSF/clagn/ingestion/wise.py:242: UserWarning: Found 53 epochs in WISE hibernation window — removing.
  warnings.warn(
/Users/ayanshsingh/AGN Light Analysis GGSF/clagn/ingestion/wise.py:242: UserWarning: Found 12 epochs in WISE hibernation window — removing.
  warnings.warn(
/Users/ayanshsingh/AGN Light Analysis GGSF/clagn/ingestion/wise.py:242: UserWarning: Found 15 epochs in WISE hibernation window — removing.
  warnings.warn(
/Users/ayanshsingh/AGN Light Analysis GGSF/clagn/ingestion/wise.py:242: UserWarning: Found 24 epochs in WISE hibernation window — removing.
  warnings.warn(
/Users/ayanshsingh/AGN Light Analysis GGSF/clagn/ingestion/wise.py:242: UserWarning: Found 19 epochs in WISE hibernation window — removing.
  warnings.warn(
/Users/ayanshsingh/AGN Light Analysis GGSF/clagn/ingestion/wise.py:242: UserWarning: Found 22 epochs in WISE hibernation window — removing.
  warnings.warn(
/Users/ayanshsingh/AGN Light Analysis GGSF/clagn/ingestion/wise.py:242: UserWarning: Found 19 epochs in WISE hibernation window — removing.
  warnings.warn(
/Users/ayanshsingh/AGN Light Analysis GGSF/clagn/ingestion/wise.py:242: UserWarning: Found 27 epochs in WISE hibernation window — removing.
  warnings.warn(
IRSA query attempt 1/3 failed: ConnectionError: ('Connection aborted.', RemoteDisconnected('Remote end closed connection without response')). Retrying in 1s...
IRSA query attempt 2/3 failed: 503 Server Error: Service Unavailable for url: https://irsa.ipac.caltech.edu/TAP/sync. Retrying in 2s...
IRSA query attempt 3/3 failed: 503 Server Error: Service Unavailable for url: https://irsa.ipac.caltech.edu/TAP/sync. Retrying in 4s...
SDSSJJ090258.39+252915.15: AllWISE MEPT query failed: IRSA query failed after 3 attempts: 503 Server Error: Service Unavailable for url: https://irsa.ipac.caltech.edu/TAP/sync
IRSA query attempt 1/3 failed: 503 Server Error: Service Unavailable for url: https://irsa.ipac.caltech.edu/TAP/sync. Retrying in 1s...
IRSA query attempt 2/3 failed: 503 Server Error: Service Unavailable for url: https://irsa.ipac.caltech.edu/TAP/sync. Retrying in 2s...
IRSA query attempt 3/3 failed: 503 Server Error: Service Unavailable for url: https://irsa.ipac.caltech.edu/TAP/sync. Retrying in 4s...
SDSSJJ090258.39+252915.15: NEOWISE-R query failed: IRSA query failed after 3 attempts: 503 Server Error: Service Unavailable for url: https://irsa.ipac.caltech.edu/TAP/sync
IRSA query attempt 1/3 failed: 503 Server Error: Service Unavailable for url: https://irsa.ipac.caltech.edu/TAP/sync. Retrying in 1s...
IRSA query attempt 2/3 failed: 503 Server Error: Service Unavailable for url: https://irsa.ipac.caltech.edu/TAP/sync. Retrying in 2s...
IRSA query attempt 3/3 failed: 503 Server Error: Service Unavailable for url: https://irsa.ipac.caltech.edu/TAP/sync. Retrying in 4s...
HE 1136-2304: AllWISE MEPT query failed: IRSA query failed after 3 attempts: 503 Server Error: Service Unavailable for url: https://irsa.ipac.caltech.edu/TAP/sync
IRSA query attempt 1/3 failed: 503 Server Error: Service Unavailable for url: https://irsa.ipac.caltech.edu/TAP/sync. Retrying in 1s...
IRSA query attempt 2/3 failed: 503 Server Error: Service Unavailable for url: https://irsa.ipac.caltech.edu/TAP/sync. Retrying in 2s...
IRSA query attempt 3/3 failed: 503 Server Error: Service Unavailable for url: https://irsa.ipac.caltech.edu/TAP/sync. Retrying in 4s...
HE 1136-2304: NEOWISE-R query failed: IRSA query failed after 3 attempts: 503 Server Error: Service Unavailable for url: https://irsa.ipac.caltech.edu/TAP/sync
/Users/ayanshsingh/AGN Light Analysis GGSF/clagn/ingestion/wise.py:242: UserWarning: Found 46 epochs in WISE hibernation window — removing.
  warnings.warn(
/Users/ayanshsingh/AGN Light Analysis GGSF/clagn/ingestion/wise.py:242: UserWarning: Found 22 epochs in WISE hibernation window — removing.
  warnings.warn(
/Users/ayanshsingh/AGN Light Analysis GGSF/clagn/ingestion/wise.py:242: UserWarning: Found 11 epochs in WISE hibernation window — removing.
  warnings.warn(
/Users/ayanshsingh/AGN Light Analysis GGSF/clagn/ingestion/wise.py:242: UserWarning: Found 12 epochs in WISE hibernation window — removing.
  warnings.warn(
/Users/ayanshsingh/AGN Light Analysis GGSF/clagn/ingestion/wise.py:242: UserWarning: Found 22 epochs in WISE hibernation window — removing.
  warnings.warn(
/Users/ayanshsingh/AGN Light Analysis GGSF/clagn/ingestion/wise.py:242: UserWarning: Found 10 epochs in WISE hibernation window — removing.
  warnings.warn(
/Users/ayanshsingh/AGN Light Analysis GGSF/clagn/ingestion/wise.py:242: UserWarning: Found 26 epochs in WISE hibernation window — removing.
  warnings.warn(
/Users/ayanshsingh/AGN Light Analysis GGSF/clagn/ingestion/wise.py:242: UserWarning: Found 48 epochs in WISE hibernation window — removing.
  warnings.warn(
/Users/ayanshsingh/AGN Light Analysis GGSF/clagn/ingestion/wise.py:242: UserWarning: Found 3 epochs in WISE hibernation window — removing.
  warnings.warn(
/Users/ayanshsingh/AGN Light Analysis GGSF/clagn/ingestion/wise.py:242: UserWarning: Found 25 epochs in WISE hibernation window — removing.
  warnings.warn(
/Users/ayanshsingh/AGN Light Analysis GGSF/clagn/ingestion/wise.py:242: UserWarning: Found 20 epochs in WISE hibernation window — removing.
  warnings.warn(
/Users/ayanshsingh/AGN Light Analysis GGSF/clagn/ingestion/wise.py:242: UserWarning: Found 7 epochs in WISE hibernation window — removing.
  warnings.warn(
/Users/ayanshsingh/AGN Light Analysis GGSF/clagn/ingestion/wise.py:242: UserWarning: Found 29 epochs in WISE hibernation window — removing.
  warnings.warn(
/Users/ayanshsingh/AGN Light Analysis GGSF/clagn/ingestion/wise.py:242: UserWarning: Found 2 epochs in WISE hibernation window — removing.
  warnings.warn(
/Users/ayanshsingh/AGN Light Analysis GGSF/clagn/ingestion/wise.py:242: UserWarning: Found 10 epochs in WISE hibernation window — removing.
  warnings.warn(
/Users/ayanshsingh/AGN Light Analysis GGSF/clagn/ingestion/wise.py:242: UserWarning: Found 1 epochs in WISE hibernation window — removing.
  warnings.warn(
/Users/ayanshsingh/AGN Light Analysis GGSF/clagn/models/drw.py:718: RuntimeWarning: All-NaN slice encountered
  early_median = np.nanmedian(rolling[early_mask])
/Users/ayanshsingh/AGN Light Analysis GGSF/clagn/ingestion/wise.py:242: UserWarning: Found 1 epochs in WISE hibernation window — removing.
  warnings.warn(
/Users/ayanshsingh/AGN Light Analysis GGSF/clagn/ingestion/wise.py:242: UserWarning: Found 28 epochs in WISE hibernation window — removing.
  warnings.warn(
/Users/ayanshsingh/AGN Light Analysis GGSF/clagn/ingestion/wise.py:242: UserWarning: Found 17 epochs in WISE hibernation window — removing.
  warnings.warn(
/Users/ayanshsingh/AGN Light Analysis GGSF/clagn/ingestion/wise.py:242: UserWarning: Found 22 epochs in WISE hibernation window — removing.
  warnings.warn(
/Users/ayanshsingh/AGN Light Analysis GGSF/clagn/ingestion/wise.py:242: UserWarning: Found 2 epochs in WISE hibernation window — removing.
  warnings.warn(
/Users/ayanshsingh/AGN Light Analysis GGSF/clagn/ingestion/wise.py:242: UserWarning: Found 14 epochs in WISE hibernation window — removing.
  warnings.warn(
/Users/ayanshsingh/AGN Light Analysis GGSF/clagn/ingestion/wise.py:242: UserWarning: Found 20 epochs in WISE hibernation window — removing.
  warnings.warn(
/Users/ayanshsingh/AGN Light Analysis GGSF/clagn/ingestion/wise.py:242: UserWarning: Found 18 epochs in WISE hibernation window — removing.
  warnings.warn(
/Users/ayanshsingh/AGN Light Analysis GGSF/clagn/ingestion/wise.py:242: UserWarning: Found 2 epochs in WISE hibernation window — removing.
  warnings.warn(
/Users/ayanshsingh/AGN Light Analysis GGSF/clagn/ingestion/wise.py:242: UserWarning: Found 1 epochs in WISE hibernation window — removing.
  warnings.warn(
/Users/ayanshsingh/AGN Light Analysis GGSF/clagn/ingestion/wise.py:242: UserWarning: Found 1 epochs in WISE hibernation window — removing.
  warnings.warn(
/Users/ayanshsingh/AGN Light Analysis GGSF/clagn/ingestion/wise.py:242: UserWarning: Found 5 epochs in WISE hibernation window — removing.
  warnings.warn(
/Users/ayanshsingh/AGN Light Analysis GGSF/clagn/ingestion/wise.py:242: UserWarning: Found 1 epochs in WISE hibernation window — removing.
  warnings.warn(
/Users/ayanshsingh/AGN Light Analysis GGSF/clagn/ingestion/wise.py:242: UserWarning: Found 13 epochs in WISE hibernation window — removing.
  warnings.warn(
/Users/ayanshsingh/AGN Light Analysis GGSF/clagn/ingestion/wise.py:242: UserWarning: Found 1 epochs in WISE hibernation window — removing.
  warnings.warn(
/Users/ayanshsingh/AGN Light Analysis GGSF/clagn/ingestion/wise.py:242: UserWarning: Found 1 epochs in WISE hibernation window — removing.
  warnings.warn(
/Users/ayanshsingh/AGN Light Analysis GGSF/clagn/ingestion/wise.py:242: UserWarning: Found 2 epochs in WISE hibernation window — removing.
  warnings.warn(
/Users/ayanshsingh/AGN Light Analysis GGSF/clagn/ingestion/wise.py:242: UserWarning: Found 26 epochs in WISE hibernation window — removing.
  warnings.warn(
/Users/ayanshsingh/AGN Light Analysis GGSF/clagn/ingestion/wise.py:242: UserWarning: Found 15 epochs in WISE hibernation window — removing.
  warnings.warn(
/Users/ayanshsingh/AGN Light Analysis GGSF/clagn/ingestion/wise.py:242: UserWarning: Found 1 epochs in WISE hibernation window — removing.
  warnings.warn(
/Users/ayanshsingh/AGN Light Analysis GGSF/clagn/ingestion/wise.py:242: UserWarning: Found 21 epochs in WISE hibernation window — removing.
  warnings.warn(
/Users/ayanshsingh/AGN Light Analysis GGSF/clagn/ingestion/wise.py:242: UserWarning: Found 2 epochs in WISE hibernation window — removing.
  warnings.warn(
/Users/ayanshsingh/AGN Light Analysis GGSF/clagn/ingestion/wise.py:242: UserWarning: Found 32 epochs in WISE hibernation window — removing.
  warnings.warn(
/Users/ayanshsingh/AGN Light Analysis GGSF/clagn/ingestion/wise.py:242: UserWarning: Found 18 epochs in WISE hibernation window — removing.
  warnings.warn(
/Users/ayanshsingh/AGN Light Analysis GGSF/clagn/ingestion/wise.py:242: UserWarning: Found 1 epochs in WISE hibernation window — removing.
  warnings.warn(
/Users/ayanshsingh/AGN Light Analysis GGSF/clagn/ingestion/wise.py:242: UserWarning: Found 11 epochs in WISE hibernation window — removing.
  warnings.warn(
/Users/ayanshsingh/AGN Light Analysis GGSF/clagn/ingestion/wise.py:242: UserWarning: Found 2 epochs in WISE hibernation window — removing.
  warnings.warn(
/Users/ayanshsingh/AGN Light Analysis GGSF/clagn/ingestion/wise.py:242: UserWarning: Found 9 epochs in WISE hibernation window — removing.
  warnings.warn(
/Users/ayanshsingh/AGN Light Analysis GGSF/clagn/ingestion/wise.py:242: UserWarning: Found 8 epochs in WISE hibernation window — removing.
  warnings.warn(
/Users/ayanshsingh/AGN Light Analysis GGSF/clagn/ingestion/wise.py:242: UserWarning: Found 14 epochs in WISE hibernation window — removing.
  warnings.warn(
/Users/ayanshsingh/AGN Light Analysis GGSF/clagn/ingestion/wise.py:242: UserWarning: Found 42 epochs in WISE hibernation window — removing.
  warnings.warn(
/Users/ayanshsingh/AGN Light Analysis GGSF/clagn/ingestion/wise.py:242: UserWarning: Found 20 epochs in WISE hibernation window — removing.
  warnings.warn(
/Users/ayanshsingh/AGN Light Analysis GGSF/clagn/ingestion/wise.py:242: UserWarning: Found 16 epochs in WISE hibernation window — removing.
  warnings.warn(
/Users/ayanshsingh/AGN Light Analysis GGSF/clagn/ingestion/wise.py:242: UserWarning: Found 22 epochs in WISE hibernation window — removing.
  warnings.warn(
/Users/ayanshsingh/AGN Light Analysis GGSF/clagn/ingestion/wise.py:242: UserWarning: Found 28 epochs in WISE hibernation window — removing.
  warnings.warn(
/Users/ayanshsingh/AGN Light Analysis GGSF/clagn/ingestion/wise.py:242: UserWarning: Found 37 epochs in WISE hibernation window — removing.
  warnings.warn(
/Users/ayanshsingh/AGN Light Analysis GGSF/clagn/ingestion/wise.py:242: UserWarning: Found 21 epochs in WISE hibernation window — removing.
  warnings.warn(
/Users/ayanshsingh/AGN Light Analysis GGSF/clagn/ingestion/wise.py:242: UserWarning: Found 10 epochs in WISE hibernation window — removing.
  warnings.warn(
/Users/ayanshsingh/AGN Light Analysis GGSF/clagn/ingestion/wise.py:242: UserWarning: Found 15 epochs in WISE hibernation window — removing.
  warnings.warn(
/Users/ayanshsingh/AGN Light Analysis GGSF/clagn/ingestion/wise.py:242: UserWarning: Found 12 epochs in WISE hibernation window — removing.
  warnings.warn(
/Users/ayanshsingh/AGN Light Analysis GGSF/clagn/ingestion/wise.py:242: UserWarning: Found 347 epochs in WISE hibernation window — removing.
  warnings.warn(
/Users/ayanshsingh/AGN Light Analysis GGSF/clagn/ingestion/wise.py:242: UserWarning: Found 10 epochs in WISE hibernation window — removing.
  warnings.warn(
/Users/ayanshsingh/AGN Light Analysis GGSF/clagn/ingestion/wise.py:242: UserWarning: Found 31 epochs in WISE hibernation window — removing.
  warnings.warn(
/Users/ayanshsingh/AGN Light Analysis GGSF/clagn/ingestion/wise.py:242: UserWarning: Found 81 epochs in WISE hibernation window — removing.
  warnings.warn(
/Users/ayanshsingh/AGN Light Analysis GGSF/clagn/ingestion/wise.py:242: UserWarning: Found 7 epochs in WISE hibernation window — removing.
  warnings.warn(
/Users/ayanshsingh/AGN Light Analysis GGSF/clagn/ingestion/wise.py:242: UserWarning: Found 24 epochs in WISE hibernation window — removing.
  warnings.warn(
/Users/ayanshsingh/AGN Light Analysis GGSF/clagn/ingestion/wise.py:242: UserWarning: Found 34 epochs in WISE hibernation window — removing.
  warnings.warn(
/Users/ayanshsingh/AGN Light Analysis GGSF/clagn/ingestion/wise.py:242: UserWarning: Found 10 epochs in WISE hibernation window — removing.
  warnings.warn(
/Users/ayanshsingh/AGN Light Analysis GGSF/clagn/ingestion/wise.py:242: UserWarning: Found 53 epochs in WISE hibernation window — removing.
  warnings.warn(
/Users/ayanshsingh/AGN Light Analysis GGSF/clagn/ingestion/wise.py:242: UserWarning: Found 17 epochs in WISE hibernation window — removing.
  warnings.warn(
/Users/ayanshsingh/AGN Light Analysis GGSF/clagn/ingestion/wise.py:242: UserWarning: Found 16 epochs in WISE hibernation window — removing.
  warnings.warn(
/Users/ayanshsingh/AGN Light Analysis GGSF/clagn/ingestion/wise.py:242: UserWarning: Found 18 epochs in WISE hibernation window — removing.
  warnings.warn(
/Users/ayanshsingh/AGN Light Analysis GGSF/clagn/ingestion/wise.py:242: UserWarning: Found 19 epochs in WISE hibernation window — removing.
  warnings.warn(
/Users/ayanshsingh/AGN Light Analysis GGSF/clagn/ingestion/wise.py:242: UserWarning: Found 23 epochs in WISE hibernation window — removing.
  warnings.warn(
/Users/ayanshsingh/AGN Light Analysis GGSF/clagn/ingestion/wise.py:242: UserWarning: Found 22 epochs in WISE hibernation window — removing.
  warnings.warn(
/Users/ayanshsingh/AGN Light Analysis GGSF/clagn/ingestion/wise.py:242: UserWarning: Found 18 epochs in WISE hibernation window — removing.
  warnings.warn(
/Users/ayanshsingh/AGN Light Analysis GGSF/clagn/ingestion/wise.py:242: UserWarning: Found 44 epochs in WISE hibernation window — removing.
  warnings.warn(
/Users/ayanshsingh/AGN Light Analysis GGSF/clagn/ingestion/wise.py:242: UserWarning: Found 21 epochs in WISE hibernation window — removing.
  warnings.warn(
/Users/ayanshsingh/AGN Light Analysis GGSF/clagn/ingestion/wise.py:242: UserWarning: Found 26 epochs in WISE hibernation window — removing.
  warnings.warn(
/Users/ayanshsingh/AGN Light Analysis GGSF/clagn/ingestion/wise.py:242: UserWarning: Found 19 epochs in WISE hibernation window — removing.
  warnings.warn(
/Users/ayanshsingh/AGN Light Analysis GGSF/clagn/ingestion/wise.py:242: UserWarning: Found 32 epochs in WISE hibernation window — removing.
  warnings.warn(
/Users/ayanshsingh/AGN Light Analysis GGSF/clagn/ingestion/wise.py:242: UserWarning: Found 21 epochs in WISE hibernation window — removing.
  warnings.warn(
/Users/ayanshsingh/AGN Light Analysis GGSF/clagn/ingestion/wise.py:242: UserWarning: Found 19 epochs in WISE hibernation window — removing.
  warnings.warn(
/Users/ayanshsingh/AGN Light Analysis GGSF/clagn/ingestion/wise.py:242: UserWarning: Found 20 epochs in WISE hibernation window — removing.
  warnings.warn(
/Users/ayanshsingh/AGN Light Analysis GGSF/clagn/ingestion/wise.py:242: UserWarning: Found 17 epochs in WISE hibernation window — removing.
  warnings.warn(
/Users/ayanshsingh/AGN Light Analysis GGSF/clagn/ingestion/wise.py:242: UserWarning: Found 3 epochs in WISE hibernation window — removing.
  warnings.warn(
/Users/ayanshsingh/AGN Light Analysis GGSF/clagn/ingestion/wise.py:242: UserWarning: Found 19 epochs in WISE hibernation window — removing.
  warnings.warn(
/Users/ayanshsingh/AGN Light Analysis GGSF/clagn/ingestion/wise.py:242: UserWarning: Found 17 epochs in WISE hibernation window — removing.
  warnings.warn(
/Users/ayanshsingh/AGN Light Analysis GGSF/clagn/ingestion/wise.py:242: UserWarning: Found 20 epochs in WISE hibernation window — removing.
  warnings.warn(
/Users/ayanshsingh/AGN Light Analysis GGSF/clagn/ingestion/wise.py:242: UserWarning: Found 23 epochs in WISE hibernation window — removing.
  warnings.warn(
/Users/ayanshsingh/AGN Light Analysis GGSF/clagn/ingestion/wise.py:242: UserWarning: Found 21 epochs in WISE hibernation window — removing.
  warnings.warn(
/Users/ayanshsingh/AGN Light Analysis GGSF/clagn/ingestion/wise.py:242: UserWarning: Found 18 epochs in WISE hibernation window — removing.
  warnings.warn(
/Users/ayanshsingh/AGN Light Analysis GGSF/clagn/ingestion/wise.py:242: UserWarning: Found 17 epochs in WISE hibernation window — removing.
  warnings.warn(
/Users/ayanshsingh/AGN Light Analysis GGSF/clagn/ingestion/wise.py:242: UserWarning: Found 16 epochs in WISE hibernation window — removing.
  warnings.warn(
/Users/ayanshsingh/AGN Light Analysis GGSF/clagn/ingestion/wise.py:242: UserWarning: Found 13 epochs in WISE hibernation window — removing.
  warnings.warn(
/Users/ayanshsingh/AGN Light Analysis GGSF/clagn/ingestion/wise.py:242: UserWarning: Found 21 epochs in WISE hibernation window — removing.
  warnings.warn(
/Users/ayanshsingh/AGN Light Analysis GGSF/clagn/ingestion/wise.py:242: UserWarning: Found 16 epochs in WISE hibernation window — removing.
  warnings.warn(
/Users/ayanshsingh/AGN Light Analysis GGSF/clagn/ingestion/wise.py:242: UserWarning: Found 25 epochs in WISE hibernation window — removing.
  warnings.warn(
/Users/ayanshsingh/AGN Light Analysis GGSF/clagn/ingestion/wise.py:242: UserWarning: Found 19 epochs in WISE hibernation window — removing.
  warnings.warn(
/Users/ayanshsingh/AGN Light Analysis GGSF/clagn/ingestion/wise.py:242: UserWarning: Found 19 epochs in WISE hibernation window — removing.
  warnings.warn(
/Users/ayanshsingh/AGN Light Analysis GGSF/clagn/ingestion/wise.py:242: UserWarning: Found 18 epochs in WISE hibernation window — removing.
  warnings.warn(
/Users/ayanshsingh/AGN Light Analysis GGSF/clagn/ingestion/wise.py:242: UserWarning: Found 20 epochs in WISE hibernation window — removing.
  warnings.warn(
/Users/ayanshsingh/AGN Light Analysis GGSF/clagn/ingestion/wise.py:242: UserWarning: Found 4 epochs in WISE hibernation window — removing.
  warnings.warn(
/Users/ayanshsingh/AGN Light Analysis GGSF/clagn/ingestion/wise.py:242: UserWarning: Found 6 epochs in WISE hibernation window — removing.
  warnings.warn(
/Users/ayanshsingh/AGN Light Analysis GGSF/clagn/ingestion/wise.py:242: UserWarning: Found 17 epochs in WISE hibernation window — removing.
  warnings.warn(
/Users/ayanshsingh/AGN Light Analysis GGSF/clagn/ingestion/wise.py:242: UserWarning: Found 14 epochs in WISE hibernation window — removing.
  warnings.warn(
/Users/ayanshsingh/AGN Light Analysis GGSF/clagn/ingestion/wise.py:242: UserWarning: Found 18 epochs in WISE hibernation window — removing.
  warnings.warn(
/Users/ayanshsingh/AGN Light Analysis GGSF/clagn/ingestion/wise.py:242: UserWarning: Found 9 epochs in WISE hibernation window — removing.
  warnings.warn(
/Users/ayanshsingh/AGN Light Analysis GGSF/clagn/ingestion/wise.py:242: UserWarning: Found 23 epochs in WISE hibernation window — removing.
  warnings.warn(
/Users/ayanshsingh/AGN Light Analysis GGSF/clagn/ingestion/wise.py:242: UserWarning: Found 17 epochs in WISE hibernation window — removing.
  warnings.warn(
/Users/ayanshsingh/AGN Light Analysis GGSF/clagn/ingestion/wise.py:242: UserWarning: Found 27 epochs in WISE hibernation window — removing.
  warnings.warn(
/Users/ayanshsingh/AGN Light Analysis GGSF/clagn/ingestion/wise.py:242: UserWarning: Found 13 epochs in WISE hibernation window — removing.
  warnings.warn(
/Users/ayanshsingh/AGN Light Analysis GGSF/clagn/ingestion/wise.py:242: UserWarning: Found 18 epochs in WISE hibernation window — removing.
  warnings.warn(
/Users/ayanshsingh/AGN Light Analysis GGSF/clagn/ingestion/wise.py:242: UserWarning: Found 19 epochs in WISE hibernation window — removing.
  warnings.warn(
/Users/ayanshsingh/AGN Light Analysis GGSF/clagn/ingestion/wise.py:242: UserWarning: Found 20 epochs in WISE hibernation window — removing.
  warnings.warn(
/Users/ayanshsingh/AGN Light Analysis GGSF/clagn/ingestion/wise.py:242: UserWarning: Found 20 epochs in WISE hibernation window — removing.
  warnings.warn(
/Users/ayanshsingh/AGN Light Analysis GGSF/clagn/ingestion/wise.py:242: UserWarning: Found 21 epochs in WISE hibernation window — removing.
  warnings.warn(
/Users/ayanshsingh/AGN Light Analysis GGSF/clagn/ingestion/wise.py:242: UserWarning: Found 21 epochs in WISE hibernation window — removing.
  warnings.warn(
/Users/ayanshsingh/AGN Light Analysis GGSF/clagn/ingestion/wise.py:242: UserWarning: Found 17 epochs in WISE hibernation window — removing.
  warnings.warn(
/Users/ayanshsingh/AGN Light Analysis GGSF/clagn/ingestion/wise.py:242: UserWarning: Found 5 epochs in WISE hibernation window — removing.
  warnings.warn(
/Users/ayanshsingh/AGN Light Analysis GGSF/clagn/ingestion/wise.py:242: UserWarning: Found 20 epochs in WISE hibernation window — removing.
  warnings.warn(
/Users/ayanshsingh/AGN Light Analysis GGSF/clagn/ingestion/wise.py:242: UserWarning: Found 17 epochs in WISE hibernation window — removing.
  warnings.warn(
/Users/ayanshsingh/AGN Light Analysis GGSF/clagn/ingestion/wise.py:242: UserWarning: Found 21 epochs in WISE hibernation window — removing.
  warnings.warn(
/Users/ayanshsingh/AGN Light Analysis GGSF/clagn/ingestion/wise.py:242: UserWarning: Found 4 epochs in WISE hibernation window — removing.
  warnings.warn(
/Users/ayanshsingh/AGN Light Analysis GGSF/clagn/ingestion/wise.py:242: UserWarning: Found 12 epochs in WISE hibernation window — removing.
  warnings.warn(
/Users/ayanshsingh/AGN Light Analysis GGSF/clagn/ingestion/wise.py:242: UserWarning: Found 1 epochs in WISE hibernation window — removing.
  warnings.warn(
/Users/ayanshsingh/AGN Light Analysis GGSF/clagn/ingestion/wise.py:242: UserWarning: Found 22 epochs in WISE hibernation window — removing.
  warnings.warn(
/Users/ayanshsingh/AGN Light Analysis GGSF/clagn/ingestion/wise.py:242: UserWarning: Found 10 epochs in WISE hibernation window — removing.
  warnings.warn(
/Users/ayanshsingh/AGN Light Analysis GGSF/clagn/ingestion/wise.py:242: UserWarning: Found 2 epochs in WISE hibernation window — removing.
  warnings.warn(
/Users/ayanshsingh/AGN Light Analysis GGSF/clagn/ingestion/wise.py:242: UserWarning: Found 16 epochs in WISE hibernation window — removing.
  warnings.warn(
/Users/ayanshsingh/AGN Light Analysis GGSF/clagn/ingestion/wise.py:242: UserWarning: Found 22 epochs in WISE hibernation window — removing.
  warnings.warn(
/Users/ayanshsingh/AGN Light Analysis GGSF/clagn/ingestion/wise.py:242: UserWarning: Found 24 epochs in WISE hibernation window — removing.
  warnings.warn(
/Users/ayanshsingh/AGN Light Analysis GGSF/clagn/ingestion/wise.py:242: UserWarning: Found 20 epochs in WISE hibernation window — removing.
  warnings.warn(
/Users/ayanshsingh/AGN Light Analysis GGSF/clagn/ingestion/wise.py:242: UserWarning: Found 20 epochs in WISE hibernation window — removing.
  warnings.warn(
/Users/ayanshsingh/AGN Light Analysis GGSF/clagn/ingestion/wise.py:242: UserWarning: Found 10 epochs in WISE hibernation window — removing.
  warnings.warn(
/Users/ayanshsingh/AGN Light Analysis GGSF/clagn/ingestion/wise.py:242: UserWarning: Found 18 epochs in WISE hibernation window — removing.
  warnings.warn(
/Users/ayanshsingh/AGN Light Analysis GGSF/clagn/ingestion/wise.py:242: UserWarning: Found 18 epochs in WISE hibernation window — removing.
  warnings.warn(
/Users/ayanshsingh/AGN Light Analysis GGSF/clagn/ingestion/wise.py:242: UserWarning: Found 14 epochs in WISE hibernation window — removing.
  warnings.warn(
/Users/ayanshsingh/AGN Light Analysis GGSF/clagn/ingestion/wise.py:242: UserWarning: Found 20 epochs in WISE hibernation window — removing.
  warnings.warn(
/Users/ayanshsingh/AGN Light Analysis GGSF/clagn/ingestion/wise.py:242: UserWarning: Found 18 epochs in WISE hibernation window — removing.
  warnings.warn(
/Users/ayanshsingh/AGN Light Analysis GGSF/clagn/ingestion/wise.py:242: UserWarning: Found 14 epochs in WISE hibernation window — removing.
  warnings.warn(
/Users/ayanshsingh/AGN Light Analysis GGSF/clagn/ingestion/wise.py:242: UserWarning: Found 14 epochs in WISE hibernation window — removing.
  warnings.warn(
/Users/ayanshsingh/AGN Light Analysis GGSF/clagn/ingestion/wise.py:242: UserWarning: Found 16 epochs in WISE hibernation window — removing.
  warnings.warn(
/Users/ayanshsingh/AGN Light Analysis GGSF/clagn/ingestion/wise.py:242: UserWarning: Found 19 epochs in WISE hibernation window — removing.
  warnings.warn(
/Users/ayanshsingh/AGN Light Analysis GGSF/clagn/ingestion/wise.py:242: UserWarning: Found 10 epochs in WISE hibernation window — removing.
  warnings.warn(
/Users/ayanshsingh/AGN Light Analysis GGSF/clagn/ingestion/wise.py:242: UserWarning: Found 18 epochs in WISE hibernation window — removing.
  warnings.warn(
/Users/ayanshsingh/AGN Light Analysis GGSF/clagn/ingestion/wise.py:242: UserWarning: Found 9 epochs in WISE hibernation window — removing.
  warnings.warn(
/Users/ayanshsingh/AGN Light Analysis GGSF/clagn/ingestion/wise.py:242: UserWarning: Found 10 epochs in WISE hibernation window — removing.
  warnings.warn(
/Users/ayanshsingh/AGN Light Analysis GGSF/clagn/ingestion/wise.py:242: UserWarning: Found 4 epochs in WISE hibernation window — removing.
  warnings.warn(
/Users/ayanshsingh/AGN Light Analysis GGSF/clagn/ingestion/wise.py:242: UserWarning: Found 23 epochs in WISE hibernation window — removing.
  warnings.warn(
/Users/ayanshsingh/AGN Light Analysis GGSF/clagn/ingestion/wise.py:242: UserWarning: Found 21 epochs in WISE hibernation window — removing.
  warnings.warn(
/Users/ayanshsingh/AGN Light Analysis GGSF/clagn/ingestion/wise.py:242: UserWarning: Found 1 epochs in WISE hibernation window — removing.
  warnings.warn(
/Users/ayanshsingh/AGN Light Analysis GGSF/clagn/ingestion/wise.py:242: UserWarning: Found 16 epochs in WISE hibernation window — removing.
  warnings.warn(
/Users/ayanshsingh/AGN Light Analysis GGSF/clagn/ingestion/wise.py:242: UserWarning: Found 12 epochs in WISE hibernation window — removing.
  warnings.warn(
/Users/ayanshsingh/AGN Light Analysis GGSF/clagn/ingestion/wise.py:242: UserWarning: Found 8 epochs in WISE hibernation window — removing.
  warnings.warn(
/Users/ayanshsingh/AGN Light Analysis GGSF/clagn/ingestion/wise.py:242: UserWarning: Found 22 epochs in WISE hibernation window — removing.
  warnings.warn(
/Users/ayanshsingh/AGN Light Analysis GGSF/clagn/ingestion/wise.py:242: UserWarning: Found 12 epochs in WISE hibernation window — removing.
  warnings.warn(
/Users/ayanshsingh/AGN Light Analysis GGSF/clagn/ingestion/wise.py:242: UserWarning: Found 15 epochs in WISE hibernation window — removing.
  warnings.warn(
/Users/ayanshsingh/AGN Light Analysis GGSF/clagn/ingestion/wise.py:242: UserWarning: Found 1 epochs in WISE hibernation window — removing.
  warnings.warn(
/Users/ayanshsingh/AGN Light Analysis GGSF/clagn/ingestion/wise.py:242: UserWarning: Found 22 epochs in WISE hibernation window — removing.
  warnings.warn(
/Users/ayanshsingh/AGN Light Analysis GGSF/clagn/ingestion/wise.py:242: UserWarning: Found 3 epochs in WISE hibernation window — removing.
  warnings.warn(
/Users/ayanshsingh/AGN Light Analysis GGSF/clagn/models/drw.py:719: RuntimeWarning: All-NaN slice encountered
  late_median  = np.nanmedian(rolling[late_mask])
/Users/ayanshsingh/AGN Light Analysis GGSF/clagn/ingestion/wise.py:242: UserWarning: Found 16 epochs in WISE hibernation window — removing.
  warnings.warn(
/Users/ayanshsingh/AGN Light Analysis GGSF/clagn/ingestion/wise.py:242: UserWarning: Found 3 epochs in WISE hibernation window — removing.
  warnings.warn(
/Users/ayanshsingh/AGN Light Analysis GGSF/clagn/ingestion/wise.py:242: UserWarning: Found 2 epochs in WISE hibernation window — removing.
  warnings.warn(
/Users/ayanshsingh/AGN Light Analysis GGSF/clagn/ingestion/wise.py:242: UserWarning: Found 8 epochs in WISE hibernation window — removing.
  warnings.warn(
/Users/ayanshsingh/AGN Light Analysis GGSF/clagn/ingestion/wise.py:242: UserWarning: Found 13 epochs in WISE hibernation window — removing.
  warnings.warn(
/Users/ayanshsingh/AGN Light Analysis GGSF/clagn/ingestion/wise.py:242: UserWarning: Found 3 epochs in WISE hibernation window — removing.
  warnings.warn(
/Users/ayanshsingh/AGN Light Analysis GGSF/clagn/ingestion/wise.py:242: UserWarning: Found 21 epochs in WISE hibernation window — removing.
  warnings.warn(
/Users/ayanshsingh/AGN Light Analysis GGSF/clagn/ingestion/wise.py:242: UserWarning: Found 13 epochs in WISE hibernation window — removing.
  warnings.warn(
/Users/ayanshsingh/AGN Light Analysis GGSF/clagn/ingestion/wise.py:242: UserWarning: Found 9 epochs in WISE hibernation window — removing.
  warnings.warn(
/Users/ayanshsingh/AGN Light Analysis GGSF/clagn/ingestion/wise.py:242: UserWarning: Found 11 epochs in WISE hibernation window — removing.
  warnings.warn(
/Users/ayanshsingh/AGN Light Analysis GGSF/clagn/ingestion/wise.py:242: UserWarning: Found 23 epochs in WISE hibernation window — removing.
  warnings.warn(
/Users/ayanshsingh/AGN Light Analysis GGSF/clagn/ingestion/wise.py:242: UserWarning: Found 21 epochs in WISE hibernation window — removing.
  warnings.warn(
/Users/ayanshsingh/AGN Light Analysis GGSF/clagn/ingestion/wise.py:242: UserWarning: Found 1 epochs in WISE hibernation window — removing.
  warnings.warn(
/Users/ayanshsingh/AGN Light Analysis GGSF/clagn/ingestion/wise.py:242: UserWarning: Found 25 epochs in WISE hibernation window — removing.
  warnings.warn(
/Users/ayanshsingh/AGN Light Analysis GGSF/clagn/ingestion/wise.py:242: UserWarning: Found 19 epochs in WISE hibernation window — removing.
  warnings.warn(
/Users/ayanshsingh/AGN Light Analysis GGSF/clagn/ingestion/wise.py:242: UserWarning: Found 17 epochs in WISE hibernation window — removing.
  warnings.warn(
/Users/ayanshsingh/AGN Light Analysis GGSF/clagn/ingestion/wise.py:242: UserWarning: Found 9 epochs in WISE hibernation window — removing.
  warnings.warn(
/Users/ayanshsingh/AGN Light Analysis GGSF/clagn/ingestion/wise.py:242: UserWarning: Found 1 epochs in WISE hibernation window — removing.
  warnings.warn(
/Users/ayanshsingh/AGN Light Analysis GGSF/clagn/ingestion/wise.py:242: UserWarning: Found 7 epochs in WISE hibernation window — removing.
  warnings.warn(
/Users/ayanshsingh/AGN Light Analysis GGSF/clagn/ingestion/wise.py:242: UserWarning: Found 12 epochs in WISE hibernation window — removing.
  warnings.warn(
/Users/ayanshsingh/AGN Light Analysis GGSF/clagn/ingestion/wise.py:242: UserWarning: Found 16 epochs in WISE hibernation window — removing.
  warnings.warn(
/Users/ayanshsingh/AGN Light Analysis GGSF/clagn/ingestion/wise.py:242: UserWarning: Found 1 epochs in WISE hibernation window — removing.
  warnings.warn(
/Users/ayanshsingh/AGN Light Analysis GGSF/clagn/ingestion/wise.py:242: UserWarning: Found 1 epochs in WISE hibernation window — removing.
  warnings.warn(
/Users/ayanshsingh/AGN Light Analysis GGSF/clagn/ingestion/wise.py:242: UserWarning: Found 11 epochs in WISE hibernation window — removing.
  warnings.warn(
/Users/ayanshsingh/AGN Light Analysis GGSF/clagn/ingestion/wise.py:242: UserWarning: Found 16 epochs in WISE hibernation window — removing.
  warnings.warn(
/Users/ayanshsingh/AGN Light Analysis GGSF/clagn/ingestion/wise.py:242: UserWarning: Found 1 epochs in WISE hibernation window — removing.
  warnings.warn(
/Users/ayanshsingh/AGN Light Analysis GGSF/clagn/ingestion/wise.py:242: UserWarning: Found 13 epochs in WISE hibernation window — removing.
  warnings.warn(
/Users/ayanshsingh/AGN Light Analysis GGSF/clagn/ingestion/wise.py:242: UserWarning: Found 1 epochs in WISE hibernation window — removing.
  warnings.warn(
/Users/ayanshsingh/AGN Light Analysis GGSF/clagn/ingestion/wise.py:242: UserWarning: Found 3 epochs in WISE hibernation window — removing.
  warnings.warn(
/Users/ayanshsingh/AGN Light Analysis GGSF/clagn/ingestion/wise.py:242: UserWarning: Found 4 epochs in WISE hibernation window — removing.
  warnings.warn(
/Users/ayanshsingh/AGN Light Analysis GGSF/clagn/ingestion/wise.py:242: UserWarning: Found 4 epochs in WISE hibernation window — removing.
  warnings.warn(
/Users/ayanshsingh/AGN Light Analysis GGSF/clagn/ingestion/wise.py:242: UserWarning: Found 15 epochs in WISE hibernation window — removing.
  warnings.warn(
/Users/ayanshsingh/AGN Light Analysis GGSF/clagn/ingestion/wise.py:242: UserWarning: Found 2 epochs in WISE hibernation window — removing.
  warnings.warn(
/Users/ayanshsingh/AGN Light Analysis GGSF/clagn/ingestion/wise.py:242: UserWarning: Found 18 epochs in WISE hibernation window — removing.
  warnings.warn(
/Users/ayanshsingh/AGN Light Analysis GGSF/clagn/ingestion/wise.py:242: UserWarning: Found 1 epochs in WISE hibernation window — removing.
  warnings.warn(
/Users/ayanshsingh/AGN Light Analysis GGSF/clagn/ingestion/wise.py:242: UserWarning: Found 3 epochs in WISE hibernation window — removing.
  warnings.warn(
/Users/ayanshsingh/AGN Light Analysis GGSF/clagn/ingestion/wise.py:242: UserWarning: Found 2 epochs in WISE hibernation window — removing.
  warnings.warn(
/Users/ayanshsingh/AGN Light Analysis GGSF/clagn/ingestion/wise.py:242: UserWarning: Found 2 epochs in WISE hibernation window — removing.
  warnings.warn(
Saved scores to data/real_clagn/benchmark_scores.csv
